python : [2026-01-21 00:46:22,413] INFO in app: CORS enabled for origins: 
['http://localhost:*', 'http://127.0.0.1:*', 'http://localhost:5000', 
'http://127.0.0.1:5000']
At line:1 char:1
+ python app.py 2>&1 | Out-File -FilePath test_output.log -Force; Get-C ...
+ ~~~~~~~~~~~~~~~~~~
    + CategoryInfo          : NotSpecified: ([2026-01-21 00:...27.0.0.1:5000'] 
   :String) [], RemoteException
    + FullyQualifiedErrorId : NativeCommandError
 
[WARN] Using temporary secret key for development only
2026-01-21 00:46:22,413 - app - INFO - CORS enabled for origins: ['http://localhost:*', 'http://127.0.0.1:*', 'http://localhost:5000', 'http://127.0.0.1:5000']
[2026-01-21 00:46:22,415] INFO in app: Rate limiting enabled (flask-limiter 
available)
2026-01-21 00:46:22,415 - app - INFO - Rate limiting enabled (flask-limiter available)
[2026-01-21 00:46:22,489] INFO in app: Database initialized successfully
2026-01-21 00:46:22,489 - app - INFO - Database initialized successfully
[2026-01-21 00:46:22,518] INFO in app: Initial connectivity status: Online 
(Using Groq Cloud Inference)
2026-01-21 00:46:22,518 - app - INFO - Initial connectivity status: Online (Using Groq Cloud Inference)
[2026-01-21 00:46:22,519] INFO in app: Mode: [GROQ - Ultra-Fast Cloud 
Inference]
2026-01-21 00:46:22,519 - app - INFO - Mode: [GROQ - Ultra-Fast Cloud Inference]
 * Serving Flask app 'app'
 * Debug mode: on
